---
source: src/tests/params.rs
description: "INPUT\n===\n\"#{{f(1,2,3)}}\"\n===\n#{{f(1,2,3)}}\n===\nFORMATTED\n===\n#{\n  {\n    f(\n      1, 2, 3,\n    )\n  }\n}"
expression: formatted
---
"#{\n  {\n    f(\n      1, 2, 3,\n    )\n  }\n}"
