---
source: src/tests/import.rs
description: "INPUT\n===\n\"\\n#import touying: touying-slide-wrapper, components, utils, config-common, config-page, touying-slide\\n#import touying: touying-slide-wrapper, components, utils, config-common, config-page, touying-slide,\\n#import touying: (touying-slide-wrapper, components, utils, config-common, config-page, touying-slide)\\n#import touying: (touying-slide-wrapper, components, utils, config-common, config-page, touying-slide,)\\n#import touying: (touying-slide-wrapper, components, utils, config-common, config-page, touying-slide )\\n#import touying: (touying-slide-wrapper, components, utils, config-common, config-page, touying-slide, )\\n\"\n===\n\n#import touying: touying-slide-wrapper, components, utils, config-common, config-page, touying-slide\n#import touying: touying-slide-wrapper, components, utils, config-common, config-page, touying-slide,\n#import touying: (touying-slide-wrapper, components, utils, config-common, config-page, touying-slide)\n#import touying: (touying-slide-wrapper, components, utils, config-common, config-page, touying-slide,)\n#import touying: (touying-slide-wrapper, components, utils, config-common, config-page, touying-slide )\n#import touying: (touying-slide-wrapper, components, utils, config-common, config-page, touying-slide, )\n\n===\nFORMATTED\n===\n\n#import touying: touying-slide-wrapper, components, utils, config-common, config-page, touying-slide\n#import touying: touying-slide-wrapper, components, utils, config-common, config-page, touying-slide\n#import touying: touying-slide-wrapper, components, utils, config-common, config-page, touying-slide\n#import touying: touying-slide-wrapper, components, utils, config-common, config-page, touying-slide\n#import touying: touying-slide-wrapper, components, utils, config-common, config-page, touying-slide\n#import touying: touying-slide-wrapper, components, utils, config-common, config-page, touying-slide\n"
expression: formatted
---
"\n#import touying: touying-slide-wrapper, components, utils, config-common, config-page, touying-slide\n#import touying: touying-slide-wrapper, components, utils, config-common, config-page, touying-slide\n#import touying: touying-slide-wrapper, components, utils, config-common, config-page, touying-slide\n#import touying: touying-slide-wrapper, components, utils, config-common, config-page, touying-slide\n#import touying: touying-slide-wrapper, components, utils, config-common, config-page, touying-slide\n#import touying: touying-slide-wrapper, components, utils, config-common, config-page, touying-slide\n"
