---
source: lib/src/tests/args.rs
description: "INPUT\n===\n\"#f(this_is_absurdly_loooooooooong)\"\n===\n#f(this_is_absurdly_loooooooooong)\n===\nFORMATTED\n===\n#f(\n  this_is_absurdly_loooooooooong,\n)"
expression: formatted
---
"#f(\n  this_is_absurdly_loooooooooong,\n)"
