---
source: lib/src/tests/basic.rs
description: "INPUT\n===\n\"#if true{}else {}\"\n===\n#if true{}else {}\n===\nFORMATTED\n===\n#if true {} else {}"
expression: formatted
---
"#if true {} else {}"
