---
source: lib/src/tests/snippets.rs
description: "INPUT\n===\n\"#[\\\\ ]\"\n===\n#[\\ ]\n===\nFORMATTED\n===\n#[\\ ]"
expression: formatted
---
"#[\\ ]"
