---
source: lib/src/tests/basic.rs
description: "INPUT\n===\n\"#[\\n_Glaciers_ form an important part \\nof the earth's climate system.]\"\n===\n#[\n_Glaciers_ form an important part \nof the earth's climate system.]\n===\nFORMATTED\n===\n#[\n  _Glaciers_ form an important part\n  of the earth's climate system.\n]"
expression: formatted
---
"#[\n  _Glaciers_ form an important part\n  of the earth's climate system.\n]"
