---
source: lib/src/tests/params.rs
description: "INPUT\n===\n\"#(auto)\"\n===\n#(auto)\n===\nFORMATTED\n===\n#(auto)"
expression: formatted
---
"#(auto)"
