---
source: lib/src/tests/basic.rs
description: "INPUT\n===\n\"#(\\nauto,)\"\n===\n#(\nauto,)\n===\nFORMATTED\n===\n#(\n  auto,\n)"
expression: formatted
---
"#(\n  auto,\n)"
