---
source: lib/src/tests/comments.rs
description: "INPUT\n===\n\"#(\\n    true //some comment\\n    or false)\"\n===\n#(\n    true //some comment\n    or false)\n===\nFORMATTED\n===\n#(\n  true //some comment\n    or false\n)"
expression: formatted
---
"#(\n  true //some comment\n    or false\n)"
