---
source: lib/src/tests/basic.rs
description: "INPUT\n===\n\"#[\\n    something\\n    ]\"\n===\n#[\n    something\n    ]\n===\nFORMATTED\n===\n#[\n  something\n]"
expression: formatted
---
"#[\n  something\n]"
