---
source: lib/src/tests/args.rs
description: "INPUT\n===\n\"#f()[\\n    something\\n    ]\"\n===\n#f()[\n    something\n    ]\n===\nFORMATTED\n===\n#f()[\n  something\n]"
expression: formatted
---
"#f()[\n  something\n]"
