---
source: lib/src/tests/snippets.rs
description: "INPUT\n===\n\"#let func((a,)) = {\\n}\"\n===\n#let func((a,)) = {\n}\n===\nFORMATTED\n===\n#let func((a,)) = {}"
expression: formatted
---
"#let func((a,)) = {}"
