---
source: src/tests.rs
description: "INPUT\n===\n\"#{  }\"\n===\n#{  }\nFORMATTED\n===\n#{ }"
expression: formatted
---
"#{ }"
