---
source: src/tests.rs
description: "INPUT\n===\n\"\\n\\n\\n\"\n===\n\n\n\n\nFORMATTED\n===\n\n\n"
expression: formatted
---
"\n\n"
